// Generated using SwiftGen, by O.Halligon â€” https://github.com/AliSoftware/SwiftGen

import Foundation
import UIKit

protocol StoryboardSceneType {
  static var storyboardName: String { get }
}

extension StoryboardSceneType {
  static func storyboard() -> UIStoryboard {
    return UIStoryboard(name: self.storyboardName, bundle: nil)
  }

  static func initialViewController() -> UIViewController {
    return storyboard().instantiateInitialViewController()!
  }
}

extension StoryboardSceneType where Self: RawRepresentable, Self.RawValue == String {
  func viewController() -> UIViewController {
    return Self.storyboard().instantiateViewController(withIdentifier: self.rawValue)
  }
  static func viewController(identifier: Self) -> UIViewController {
    return identifier.viewController()
  }
}

protocol StoryboardSegueType: RawRepresentable { }
protocol StoryboardCellType: RawRepresentable { }

extension UIViewController {
  func performSegue<S: StoryboardSegueType where S.RawValue == String>(segue: S, sender: AnyObject? = nil) {
    performSegue(withIdentifier: segue.rawValue, sender: sender)
  }
}

extension UITableView {
  func dequeueReusableCellWithIdentifier<C: StoryboardCellType where C.RawValue == String>(identifier: C,
      forIndexPath indexPath: NSIndexPath) -> UITableViewCell {
    return dequeueReusableCellWithIdentifier(identifier.rawValue, forIndexPath: indexPath)
  }
}

extension UICollectionView {
  func dequeueReusableCellWithReuseIdentifier<C: StoryboardCellType where C.RawValue == String>(identifier: C,
      forIndexPath indexPath: NSIndexPath) -> UICollectionViewCell {
    return dequeueReusableCellWithReuseIdentifier(identifier.rawValue, forIndexPath: indexPath)
  }
}

struct StoryboardScene {
  enum Wizard: String, StoryboardSceneType {
    static let storyboardName = "Wizard"

    case Accept_CGUScene = "Accept-CGU"
    static func instantiateAcceptCGU() -> UIViewController {
      return StoryboardScene.Wizard.Accept_CGUScene.viewController()
    }

    case CreateAccountScene = "CreateAccount"
    static func instantiateCreateAccount() -> CreateAccViewController {
      guard let vc = StoryboardScene.Wizard.CreateAccountScene.viewController() as? CreateAccViewController
      else {
        fatalError("ViewController 'CreateAccount' is not of the expected class CreateAccViewController.")
      }
      return vc
    }

    case PreferencesScene = "Preferences"
    static func instantiatePreferences() -> UITableViewController {
      guard let vc = StoryboardScene.Wizard.PreferencesScene.viewController() as? UITableViewController
      else {
        fatalError("ViewController 'Preferences' is not of the expected class UITableViewController.")
      }
      return vc
    }

    case Validate_PasswordScene = "Validate_Password"
    static func instantiateValidatePassword() -> UIViewController {
      return StoryboardScene.Wizard.Validate_PasswordScene.viewController()
    }
  }
}

struct StoryboardSegue {
  enum Wizard: String, StoryboardSegueType {
    case ShowPassword = "ShowPassword"
  }
  enum Wizard: String, StoryboardCellType {
    case PrefCell = "PrefCell"
  }
}
