// Generated using SwiftGen, by O.Halligon â€” https://github.com/AliSoftware/SwiftGen

import Foundation
import UIKit

protocol StoryboardSceneType {
  static var storyboardName: String { get }
}

extension StoryboardSceneType {
  static func storyboard() -> UIStoryboard {
    return UIStoryboard(name: self.storyboardName, bundle: nil)
  }

  static func initialViewController() -> UIViewController {
    return storyboard().instantiateInitialViewController()!
  }
}

extension StoryboardSceneType where Self: RawRepresentable, Self.RawValue == String {
  func viewController() -> UIViewController {
    return Self.storyboard().instantiateViewControllerWithIdentifier(self.rawValue)
  }
  static func viewController(identifier: Self) -> UIViewController {
    return identifier.viewController()
  }
}

protocol StoryboardSegueType: RawRepresentable { }
protocol StoryboardCellType: RawRepresentable { }

extension UIViewController {
  func performSegue<S: StoryboardSegueType where S.RawValue == String>(segue: S, sender: AnyObject? = nil) {
    performSegueWithIdentifier(segue.rawValue, sender: sender)
  }
}

extension UICollectionView {
  func dequeueReusableCellWithReuseIdentifier<C: StoryboardCellType where C.RawValue == String>(identifier: C,
      forIndexPath indexPath: NSIndexPath) -> UICollectionViewCell {
    return dequeueReusableCellWithReuseIdentifier(identifier.rawValue, forIndexPath: indexPath)
  }
}

struct StoryboardScene {
  enum Message: String, StoryboardSceneType {
    static let storyboardName = "Message"

    case composer = "Composer"
    static func composerViewController() -> UIViewController {
      return StoryboardScene.Message.composer.viewController()
    }

    case messagesList = "MessagesList"
    static func messagesListViewController() -> UITableViewController {
      guard let vc = StoryboardScene.Message.messagesList.viewController() as? UITableViewController
      else {
        fatalError("ViewController 'MessagesList' is not of the expected class UITableViewController.")
      }
      return vc
    }

    case navCtrl = "NavCtrl"
    static func navCtrlViewController() -> UINavigationController {
      guard let vc = StoryboardScene.Message.navCtrl.viewController() as? UINavigationController
      else {
        fatalError("ViewController 'NavCtrl' is not of the expected class UINavigationController.")
      }
      return vc
    }

    case urlChooser = "URLChooser"
    static func urlChooserViewController() -> XXPickerViewController {
      guard let vc = StoryboardScene.Message.urlChooser.viewController() as? XXPickerViewController
      else {
        fatalError("ViewController 'URLChooser' is not of the expected class XXPickerViewController.")
      }
      return vc
    }
  }
}

struct StoryboardSegue {
  enum Message: String, StoryboardSegueType {
    case CustomBack = "CustomBack"
    case Embed = "Embed"
    case NonCustom = "NonCustom"
    case Show_NavCtrl = "Show-NavCtrl"
  }
}
